    Finished `release` profile [optimized] target(s) in 0.42s
     Running `target/release/zk_profile 16384 3`
ZK3D_PROFILE,IFFT,a,elements=32768
ZK3D_PROFILE,IFFT,b,elements=32768
ZK3D_PROFILE,FFT,a,elements=32768
ZK3D_PROFILE,FFT,b,elements=32768
ZK3D_PROFILE,IFFT,c,elements=32768
ZK3D_PROFILE,FFT,c,elements=32768
ZK3D_PROFILE,IFFT,ab,elements=32768
ZK3D_PROFILE,MSM,h_query,points=32767,scalars=32768
ZK3D_PROFILE,MSM,l_query,points=16385,scalars=16385
ZK3D_PROFILE,MSM,a_query_g1,points=16385,scalars=16385
ZK3D_PROFILE,MSM,b_query_g1,points=16385,scalars=16385
ZK3D_PROFILE,MSM,b_query_g2,points=16385,scalars=16385
steps=16384,run=1,seed=20260828,setup_ms=2559,prove_ms=2330,verify_ms=5,valid=true
ZK3D_PROFILE,IFFT,a,elements=32768
ZK3D_PROFILE,IFFT,b,elements=32768
ZK3D_PROFILE,FFT,a,elements=32768
ZK3D_PROFILE,FFT,b,elements=32768
ZK3D_PROFILE,IFFT,c,elements=32768
ZK3D_PROFILE,FFT,c,elements=32768
ZK3D_PROFILE,IFFT,ab,elements=32768
ZK3D_PROFILE,MSM,h_query,points=32767,scalars=32768
ZK3D_PROFILE,MSM,l_query,points=16385,scalars=16385
ZK3D_PROFILE,MSM,a_query_g1,points=16385,scalars=16385
ZK3D_PROFILE,MSM,b_query_g1,points=16385,scalars=16385
ZK3D_PROFILE,MSM,b_query_g2,points=16385,scalars=16385
steps=16384,run=2,seed=20260829,setup_ms=2489,prove_ms=2306,verify_ms=5,valid=true
ZK3D_PROFILE,IFFT,a,elements=32768
ZK3D_PROFILE,IFFT,b,elements=32768
ZK3D_PROFILE,FFT,a,elements=32768
ZK3D_PROFILE,FFT,b,elements=32768
ZK3D_PROFILE,IFFT,c,elements=32768
ZK3D_PROFILE,FFT,c,elements=32768
ZK3D_PROFILE,IFFT,ab,elements=32768
ZK3D_PROFILE,MSM,h_query,points=32767,scalars=32768
ZK3D_PROFILE,MSM,l_query,points=16385,scalars=16385
ZK3D_PROFILE,MSM,a_query_g1,points=16385,scalars=16385
ZK3D_PROFILE,MSM,b_query_g1,points=16385,scalars=16385
ZK3D_PROFILE,MSM,b_query_g2,points=16385,scalars=16385
steps=16384,run=3,seed=20260830,setup_ms=2446,prove_ms=2366,verify_ms=5,valid=true
ZK3D_PROFILE,IFFT,a,elements=131072
ZK3D_PROFILE,IFFT,b,elements=131072
ZK3D_PROFILE,FFT,a,elements=131072
ZK3D_PROFILE,FFT,b,elements=131072
ZK3D_PROFILE,IFFT,c,elements=131072
ZK3D_PROFILE,FFT,c,elements=131072
ZK3D_PROFILE,IFFT,ab,elements=131072
ZK3D_PROFILE,MSM,h_query,points=131071,scalars=131072
ZK3D_PROFILE,MSM,l_query,points=65537,scalars=65537
ZK3D_PROFILE,MSM,a_query_g1,points=65537,scalars=65537
ZK3D_PROFILE,MSM,b_query_g1,points=65537,scalars=65537
ZK3D_PROFILE,MSM,b_query_g2,points=65537,scalars=65537
steps=65536,run=1,seed=20260828,setup_ms=8362,prove_ms=8061,verify_ms=5,valid=true
ZK3D_PROFILE,IFFT,a,elements=131072
ZK3D_PROFILE,IFFT,b,elements=131072
ZK3D_PROFILE,FFT,a,elements=131072
ZK3D_PROFILE,FFT,b,elements=131072
ZK3D_PROFILE,IFFT,c,elements=131072
ZK3D_PROFILE,FFT,c,elements=131072
ZK3D_PROFILE,IFFT,ab,elements=131072
ZK3D_PROFILE,MSM,h_query,points=131071,scalars=131072
ZK3D_PROFILE,MSM,l_query,points=65537,scalars=65537
ZK3D_PROFILE,MSM,a_query_g1,points=65537,scalars=65537
ZK3D_PROFILE,MSM,b_query_g1,points=65537,scalars=65537
ZK3D_PROFILE,MSM,b_query_g2,points=65537,scalars=65537
steps=65536,run=2,seed=20260829,setup_ms=8324,prove_ms=8263,verify_ms=5,valid=true
ZK3D_PROFILE,IFFT,a,elements=131072
ZK3D_PROFILE,IFFT,b,elements=131072
ZK3D_PROFILE,FFT,a,elements=131072
ZK3D_PROFILE,FFT,b,elements=131072
ZK3D_PROFILE,IFFT,c,elements=131072
ZK3D_PROFILE,FFT,c,elements=131072
ZK3D_PROFILE,IFFT,ab,elements=131072
ZK3D_PROFILE,MSM,h_query,points=131071,scalars=131072
ZK3D_PROFILE,MSM,l_query,points=65537,scalars=65537
ZK3D_PROFILE,MSM,a_query_g1,points=65537,scalars=65537
ZK3D_PROFILE,MSM,b_query_g1,points=65537,scalars=65537
ZK3D_PROFILE,MSM,b_query_g2,points=65537,scalars=65537
steps=65536,run=3,seed=20260830,setup_ms=8293,prove_ms=7989,verify_ms=5,valid=true
